** endline()
:PROPERTIES:
:CUSTOM_ID: endline
:END:

looking for extra newlines
** endline()
:PROPERTIES:
:CUSTOM_ID: endline
:END:

looking for extra newlines
------------

